// Jest Snapshot v1, https://goo.gl/fbAQLP

exports[`Spinner renders correctly 1`] = `
<div
  className="sc-bdnylx fIPKQY"
>
  Loading...
</div>
`;
